src/middlewares/validador.ts(15,86): error TS2339: Property 'errors' does not exist on type 'ZodError<unknown>'.
