src/controllers/encuestas.controller.ts(28,16): error TS2322: Type 'string | string[]' is not assignable to type 'string | undefined'.
  Type 'string[]' is not assignable to type 'string'.
src/controllers/encuestas.controller.ts(37,14): error TS2339: Property 'respuestas' does not exist on type '{ id: string; estado: string; id_empresa: string; id_usuario_aplicador: string; fecha_inicio: Date; fecha_fin: Date | null; }'.
